---
source: example/src/externals.rs
assertion_line: 30
expression: "grammar::parse(\" _  \")"
---
Ok(
    Language {
        v: None,
        _s: (),
        _d: None,
    },
)
