---
source: example/src/repetitions.rs
expression: "grammar::parse(\"1\")"
---
Ok(
    NumberList {
        numbers: [
            Number {
                v: 1,
            },
        ],
    },
)
