---
source: example/src/optionals.rs
expression: "grammar::parse(\"1_2.\")"
---
Ok(
    Language {
        v: Some(
            1,
        ),
        _s: (),
        t: Some(
            Number {
                v: 2,
            },
        ),
        _d: Some(
            (),
        ),
    },
)
