---
source: example/src/arithmetic.rs
expression: "grammar::parse(\"1\")"
---
Ok(
    Number(
        1,
    ),
)
