---
source: example/src/arithmetic.rs
expression: "grammar::parse(\"1 * 2 - 3\")"
---
Ok(
    Sub(
        Mul(
            Number(
                1,
            ),
            (),
            Number(
                2,
            ),
        ),
        (),
        Number(
            3,
        ),
    ),
)
