---
source: example/src/arithmetic.rs
expression: "grammar::parse(\"1 - 2\")"
---
Ok(
    Sub(
        Number(
            1,
        ),
        (),
        Number(
            2,
        ),
    ),
)
