---
source: example/src/main.rs
expression: "arithmetic_grammar::parse(\"1 - 2 -\")"
---
Err(
    [
        ParseError {
            reason: MissingToken(
                "Expression_Number_0",
            ),
            start: 7,
            end: 7,
        },
    ],
)
