---
source: example/src/main.rs
expression: "arithmetic_grammar::parse(\"1\")"
---
Ok(
    Number(
        1,
    ),
)
