---
source: example/src/repetitions.rs
expression: "grammar::parse(\"\")"
---
Err(
    [
        ParseError {
            reason: FailedNode(
                [],
            ),
            start: 0,
            end: 0,
        },
    ],
)
