---
source: example/src/arithmetic.rs
expression: "grammar::parse(\"1 - 2 * 3\")"
---
Ok(
    Sub(
        Number(
            1,
        ),
        (),
        Mul(
            Number(
                2,
            ),
            (),
            Number(
                3,
            ),
        ),
    ),
)
