---
source: example/src/main.rs
expression: "arithmetic_grammar::parse(\"1-2*3\")"
---
Sub(
    Number(
        1,
    ),
    (),
    Mul(
        Number(
            2,
        ),
        (),
        Number(
            3,
        ),
    ),
)
