---
source: example/src/externals.rs
assertion_line: 28
expression: "grammar::parse(\"1_\")"
---
Ok(
    Language {
        v: Some(
            1,
        ),
        _s: (),
        _d: None,
    },
)
