---
source: example/src/externals.rs
assertion_line: 32
expression: "grammar::parse(\"1_;\")"
---
Ok(
    Language {
        v: Some(
            1,
        ),
        _s: (),
        _d: None,
    },
)
