---
source: tool/src/lib.rs
expression: generate_grammar(&m)
---
{"name":"test","rules":{"source_file":{"type":"SEQ","members":[{"type":"CHOICE","members":[{"type":"BLANK"},{"type":"SEQ","members":[{"type":"FIELD","name":"numbers","content":{"type":"SYMBOL","name":"Number"}},{"type":"REPEAT","content":{"type":"SEQ","members":[{"type":"SYMBOL","name":"NumberList_numbers_delimiter"},{"type":"FIELD","name":"numbers","content":{"type":"SYMBOL","name":"Number"}}]}}]}]}]},"NumberList_numbers_delimiter":{"type":"STRING","value":","},"NumberList":{"type":"SEQ","members":[{"type":"CHOICE","members":[{"type":"BLANK"},{"type":"SEQ","members":[{"type":"FIELD","name":"numbers","content":{"type":"SYMBOL","name":"Number"}},{"type":"REPEAT","content":{"type":"SEQ","members":[{"type":"SYMBOL","name":"NumberList_numbers_delimiter"},{"type":"FIELD","name":"numbers","content":{"type":"SYMBOL","name":"Number"}}]}}]}]}]},"Number_v":{"type":"PATTERN","value":"\\d+"},"Number":{"type":"SEQ","members":[{"type":"FIELD","name":"v","content":{"type":"SYMBOL","name":"Number_v"}}]},"Whitespace__whitespace":{"type":"PATTERN","value":"\\s"},"Whitespace":{"type":"SEQ","members":[{"type":"FIELD","name":"_whitespace","content":{"type":"SYMBOL","name":"Whitespace__whitespace"}}]}},"extras":[{"type":"SYMBOL","name":"Whitespace"}]}
